// Jest Snapshot v1, https://goo.gl/fbAQLP

exports[`renders the correctly 1`] = `
<div
  className="sc-bdVaJa eCAsEI"
>
  Paginator
</div>
`;
